Archive member included to satisfy reference by file (symbol)

c:/program files (x86)/atmel/studio/7.0/toolchain/avr8/avr8-gnu-toolchain/bin/../lib/gcc/avr/4.9.2/avrxmega6\libgcc.a(_exit.o)
                              C:/Program Files (x86)/Atmel/Studio/7.0/Packs/atmel/XMEGAA_DFP/1.0.36/gcc/dev/atxmega256a3u/avrxmega6/crtatxmega256a3u.o (exit)
c:/program files (x86)/atmel/studio/7.0/toolchain/avr8/avr8-gnu-toolchain/bin/../lib/gcc/avr/4.9.2/avrxmega6\libgcc.a(_tablejump2.o)
                              Mainboard_R1_1.o (__tablejump2__)
c:/program files (x86)/atmel/studio/7.0/toolchain/avr8/avr8-gnu-toolchain/bin/../lib/gcc/avr/4.9.2/avrxmega6\libgcc.a(_copy_data.o)
                              Mainboard_R1_1.o (__do_copy_data)
c:/program files (x86)/atmel/studio/7.0/toolchain/avr8/avr8-gnu-toolchain/bin/../lib/gcc/avr/4.9.2/avrxmega6\libgcc.a(_clear_bss.o)
                              Mainboard_R1_1.o (__do_clear_bss)

Discarded input sections

 .data          0x00000000        0x0 C:/Program Files (x86)/Atmel/Studio/7.0/Packs/atmel/XMEGAA_DFP/1.0.36/gcc/dev/atxmega256a3u/avrxmega6/crtatxmega256a3u.o
 .bss           0x00000000        0x0 C:/Program Files (x86)/Atmel/Studio/7.0/Packs/atmel/XMEGAA_DFP/1.0.36/gcc/dev/atxmega256a3u/avrxmega6/crtatxmega256a3u.o
 .text          0x00000000        0x0 Mainboard_R1_1.o
 .data          0x00000000        0x0 Mainboard_R1_1.o
 .bss           0x00000000        0x0 Mainboard_R1_1.o
 .text._Z7sendStrPci
                0x00000000       0x2a Mainboard_R1_1.o
 .text._Z9getStringPci
                0x00000000       0x34 Mainboard_R1_1.o
 .text._Z9xmitPIXELjjhhh
                0x00000000        0x8 Mainboard_R1_1.o
 .text._Z3minss
                0x00000000        0xc Mainboard_R1_1.o
 .text._Z3maxss
                0x00000000        0xc Mainboard_R1_1.o
 .bss.userChan  0x00000000        0x2 Mainboard_R1_1.o
 .text          0x00000000        0x0 c:/program files (x86)/atmel/studio/7.0/toolchain/avr8/avr8-gnu-toolchain/bin/../lib/gcc/avr/4.9.2/avrxmega6\libgcc.a(_exit.o)
 .data          0x00000000        0x0 c:/program files (x86)/atmel/studio/7.0/toolchain/avr8/avr8-gnu-toolchain/bin/../lib/gcc/avr/4.9.2/avrxmega6\libgcc.a(_exit.o)
 .bss           0x00000000        0x0 c:/program files (x86)/atmel/studio/7.0/toolchain/avr8/avr8-gnu-toolchain/bin/../lib/gcc/avr/4.9.2/avrxmega6\libgcc.a(_exit.o)
 .text.libgcc.mul
                0x00000000        0x0 c:/program files (x86)/atmel/studio/7.0/toolchain/avr8/avr8-gnu-toolchain/bin/../lib/gcc/avr/4.9.2/avrxmega6\libgcc.a(_exit.o)
 .text.libgcc.div
                0x00000000        0x0 c:/program files (x86)/atmel/studio/7.0/toolchain/avr8/avr8-gnu-toolchain/bin/../lib/gcc/avr/4.9.2/avrxmega6\libgcc.a(_exit.o)
 .text.libgcc   0x00000000        0x0 c:/program files (x86)/atmel/studio/7.0/toolchain/avr8/avr8-gnu-toolchain/bin/../lib/gcc/avr/4.9.2/avrxmega6\libgcc.a(_exit.o)
 .text.libgcc.prologue
                0x00000000        0x0 c:/program files (x86)/atmel/studio/7.0/toolchain/avr8/avr8-gnu-toolchain/bin/../lib/gcc/avr/4.9.2/avrxmega6\libgcc.a(_exit.o)
 .text.libgcc.builtins
                0x00000000        0x0 c:/program files (x86)/atmel/studio/7.0/toolchain/avr8/avr8-gnu-toolchain/bin/../lib/gcc/avr/4.9.2/avrxmega6\libgcc.a(_exit.o)
 .text.libgcc.fmul
                0x00000000        0x0 c:/program files (x86)/atmel/studio/7.0/toolchain/avr8/avr8-gnu-toolchain/bin/../lib/gcc/avr/4.9.2/avrxmega6\libgcc.a(_exit.o)
 .text.libgcc.fixed
                0x00000000        0x0 c:/program files (x86)/atmel/studio/7.0/toolchain/avr8/avr8-gnu-toolchain/bin/../lib/gcc/avr/4.9.2/avrxmega6\libgcc.a(_exit.o)
 .text          0x00000000        0x0 c:/program files (x86)/atmel/studio/7.0/toolchain/avr8/avr8-gnu-toolchain/bin/../lib/gcc/avr/4.9.2/avrxmega6\libgcc.a(_tablejump2.o)
 .data          0x00000000        0x0 c:/program files (x86)/atmel/studio/7.0/toolchain/avr8/avr8-gnu-toolchain/bin/../lib/gcc/avr/4.9.2/avrxmega6\libgcc.a(_tablejump2.o)
 .bss           0x00000000        0x0 c:/program files (x86)/atmel/studio/7.0/toolchain/avr8/avr8-gnu-toolchain/bin/../lib/gcc/avr/4.9.2/avrxmega6\libgcc.a(_tablejump2.o)
 .text.libgcc.mul
                0x00000000        0x0 c:/program files (x86)/atmel/studio/7.0/toolchain/avr8/avr8-gnu-toolchain/bin/../lib/gcc/avr/4.9.2/avrxmega6\libgcc.a(_tablejump2.o)
 .text.libgcc.div
                0x00000000        0x0 c:/program files (x86)/atmel/studio/7.0/toolchain/avr8/avr8-gnu-toolchain/bin/../lib/gcc/avr/4.9.2/avrxmega6\libgcc.a(_tablejump2.o)
 .text.libgcc.prologue
                0x00000000        0x0 c:/program files (x86)/atmel/studio/7.0/toolchain/avr8/avr8-gnu-toolchain/bin/../lib/gcc/avr/4.9.2/avrxmega6\libgcc.a(_tablejump2.o)
 .text.libgcc.builtins
                0x00000000        0x0 c:/program files (x86)/atmel/studio/7.0/toolchain/avr8/avr8-gnu-toolchain/bin/../lib/gcc/avr/4.9.2/avrxmega6\libgcc.a(_tablejump2.o)
 .text.libgcc.fmul
                0x00000000        0x0 c:/program files (x86)/atmel/studio/7.0/toolchain/avr8/avr8-gnu-toolchain/bin/../lib/gcc/avr/4.9.2/avrxmega6\libgcc.a(_tablejump2.o)
 .text.libgcc.fixed
                0x00000000        0x0 c:/program files (x86)/atmel/studio/7.0/toolchain/avr8/avr8-gnu-toolchain/bin/../lib/gcc/avr/4.9.2/avrxmega6\libgcc.a(_tablejump2.o)
 .text          0x00000000        0x0 c:/program files (x86)/atmel/studio/7.0/toolchain/avr8/avr8-gnu-toolchain/bin/../lib/gcc/avr/4.9.2/avrxmega6\libgcc.a(_copy_data.o)
 .data          0x00000000        0x0 c:/program files (x86)/atmel/studio/7.0/toolchain/avr8/avr8-gnu-toolchain/bin/../lib/gcc/avr/4.9.2/avrxmega6\libgcc.a(_copy_data.o)
 .bss           0x00000000        0x0 c:/program files (x86)/atmel/studio/7.0/toolchain/avr8/avr8-gnu-toolchain/bin/../lib/gcc/avr/4.9.2/avrxmega6\libgcc.a(_copy_data.o)
 .text.libgcc.mul
                0x00000000        0x0 c:/program files (x86)/atmel/studio/7.0/toolchain/avr8/avr8-gnu-toolchain/bin/../lib/gcc/avr/4.9.2/avrxmega6\libgcc.a(_copy_data.o)
 .text.libgcc.div
                0x00000000        0x0 c:/program files (x86)/atmel/studio/7.0/toolchain/avr8/avr8-gnu-toolchain/bin/../lib/gcc/avr/4.9.2/avrxmega6\libgcc.a(_copy_data.o)
 .text.libgcc   0x00000000        0x0 c:/program files (x86)/atmel/studio/7.0/toolchain/avr8/avr8-gnu-toolchain/bin/../lib/gcc/avr/4.9.2/avrxmega6\libgcc.a(_copy_data.o)
 .text.libgcc.prologue
                0x00000000        0x0 c:/program files (x86)/atmel/studio/7.0/toolchain/avr8/avr8-gnu-toolchain/bin/../lib/gcc/avr/4.9.2/avrxmega6\libgcc.a(_copy_data.o)
 .text.libgcc.builtins
                0x00000000        0x0 c:/program files (x86)/atmel/studio/7.0/toolchain/avr8/avr8-gnu-toolchain/bin/../lib/gcc/avr/4.9.2/avrxmega6\libgcc.a(_copy_data.o)
 .text.libgcc.fmul
                0x00000000        0x0 c:/program files (x86)/atmel/studio/7.0/toolchain/avr8/avr8-gnu-toolchain/bin/../lib/gcc/avr/4.9.2/avrxmega6\libgcc.a(_copy_data.o)
 .text.libgcc.fixed
                0x00000000        0x0 c:/program files (x86)/atmel/studio/7.0/toolchain/avr8/avr8-gnu-toolchain/bin/../lib/gcc/avr/4.9.2/avrxmega6\libgcc.a(_copy_data.o)
 .text          0x00000000        0x0 c:/program files (x86)/atmel/studio/7.0/toolchain/avr8/avr8-gnu-toolchain/bin/../lib/gcc/avr/4.9.2/avrxmega6\libgcc.a(_clear_bss.o)
 .data          0x00000000        0x0 c:/program files (x86)/atmel/studio/7.0/toolchain/avr8/avr8-gnu-toolchain/bin/../lib/gcc/avr/4.9.2/avrxmega6\libgcc.a(_clear_bss.o)
 .bss           0x00000000        0x0 c:/program files (x86)/atmel/studio/7.0/toolchain/avr8/avr8-gnu-toolchain/bin/../lib/gcc/avr/4.9.2/avrxmega6\libgcc.a(_clear_bss.o)
 .text.libgcc.mul
                0x00000000        0x0 c:/program files (x86)/atmel/studio/7.0/toolchain/avr8/avr8-gnu-toolchain/bin/../lib/gcc/avr/4.9.2/avrxmega6\libgcc.a(_clear_bss.o)
 .text.libgcc.div
                0x00000000        0x0 c:/program files (x86)/atmel/studio/7.0/toolchain/avr8/avr8-gnu-toolchain/bin/../lib/gcc/avr/4.9.2/avrxmega6\libgcc.a(_clear_bss.o)
 .text.libgcc   0x00000000        0x0 c:/program files (x86)/atmel/studio/7.0/toolchain/avr8/avr8-gnu-toolchain/bin/../lib/gcc/avr/4.9.2/avrxmega6\libgcc.a(_clear_bss.o)
 .text.libgcc.prologue
                0x00000000        0x0 c:/program files (x86)/atmel/studio/7.0/toolchain/avr8/avr8-gnu-toolchain/bin/../lib/gcc/avr/4.9.2/avrxmega6\libgcc.a(_clear_bss.o)
 .text.libgcc.builtins
                0x00000000        0x0 c:/program files (x86)/atmel/studio/7.0/toolchain/avr8/avr8-gnu-toolchain/bin/../lib/gcc/avr/4.9.2/avrxmega6\libgcc.a(_clear_bss.o)
 .text.libgcc.fmul
                0x00000000        0x0 c:/program files (x86)/atmel/studio/7.0/toolchain/avr8/avr8-gnu-toolchain/bin/../lib/gcc/avr/4.9.2/avrxmega6\libgcc.a(_clear_bss.o)
 .text.libgcc.fixed
                0x00000000        0x0 c:/program files (x86)/atmel/studio/7.0/toolchain/avr8/avr8-gnu-toolchain/bin/../lib/gcc/avr/4.9.2/avrxmega6\libgcc.a(_clear_bss.o)

Memory Configuration

Name             Origin             Length             Attributes
text             0x00000000         0x00100000         xr
data             0x00802000         0x0000ffa0         rw !x
eeprom           0x00810000         0x00010000         rw !x
fuse             0x00820000         0x00000400         rw !x
lock             0x00830000         0x00000400         rw !x
signature        0x00840000         0x00000400         rw !x
user_signatures  0x00850000         0x00000400         rw !x
*default*        0x00000000         0xffffffff

Linker script and memory map

LOAD C:/Program Files (x86)/Atmel/Studio/7.0/Packs/atmel/XMEGAA_DFP/1.0.36/gcc/dev/atxmega256a3u/avrxmega6/crtatxmega256a3u.o
LOAD Mainboard_R1_1.o
START GROUP
LOAD c:/program files (x86)/atmel/studio/7.0/toolchain/avr8/avr8-gnu-toolchain/bin/../lib/gcc/avr/4.9.2/../../../../avr/lib/avrxmega6\libm.a
END GROUP
LOAD c:/program files (x86)/atmel/studio/7.0/toolchain/avr8/avr8-gnu-toolchain/bin/../lib/gcc/avr/4.9.2/avrxmega6\libgcc.a
LOAD c:/program files (x86)/atmel/studio/7.0/toolchain/avr8/avr8-gnu-toolchain/bin/../lib/gcc/avr/4.9.2/../../../../avr/lib/avrxmega6\libm.a
START GROUP
LOAD c:/program files (x86)/atmel/studio/7.0/toolchain/avr8/avr8-gnu-toolchain/bin/../lib/gcc/avr/4.9.2/avrxmega6\libgcc.a
LOAD c:/program files (x86)/atmel/studio/7.0/toolchain/avr8/avr8-gnu-toolchain/bin/../lib/gcc/avr/4.9.2/../../../../avr/lib/avrxmega6\libm.a
LOAD c:/program files (x86)/atmel/studio/7.0/toolchain/avr8/avr8-gnu-toolchain/bin/../lib/gcc/avr/4.9.2/../../../../avr/lib/avrxmega6\libc.a
LOAD C:/Program Files (x86)/Atmel/Studio/7.0/Packs/atmel/XMEGAA_DFP/1.0.36/gcc/dev/atxmega256a3u/avrxmega6\libatxmega256a3u.a
END GROUP

.hash
 *(.hash)

.dynsym
 *(.dynsym)

.dynstr
 *(.dynstr)

.gnu.version
 *(.gnu.version)

.gnu.version_d
 *(.gnu.version_d)

.gnu.version_r
 *(.gnu.version_r)

.rel.init
 *(.rel.init)

.rela.init
 *(.rela.init)

.rel.text
 *(.rel.text)
 *(.rel.text.*)
 *(.rel.gnu.linkonce.t*)

.rela.text
 *(.rela.text)
 *(.rela.text.*)
 *(.rela.gnu.linkonce.t*)

.rel.fini
 *(.rel.fini)

.rela.fini
 *(.rela.fini)

.rel.rodata
 *(.rel.rodata)
 *(.rel.rodata.*)
 *(.rel.gnu.linkonce.r*)

.rela.rodata
 *(.rela.rodata)
 *(.rela.rodata.*)
 *(.rela.gnu.linkonce.r*)

.rel.data
 *(.rel.data)
 *(.rel.data.*)
 *(.rel.gnu.linkonce.d*)

.rela.data
 *(.rela.data)
 *(.rela.data.*)
 *(.rela.gnu.linkonce.d*)

.rel.ctors
 *(.rel.ctors)

.rela.ctors
 *(.rela.ctors)

.rel.dtors
 *(.rel.dtors)

.rela.dtors
 *(.rela.dtors)

.rel.got
 *(.rel.got)

.rela.got
 *(.rela.got)

.rel.bss
 *(.rel.bss)

.rela.bss
 *(.rela.bss)

.rel.plt
 *(.rel.plt)

.rela.plt
 *(.rela.plt)

.text           0x00000000      0xf86
 *(.vectors)
 .vectors       0x00000000      0x1fc C:/Program Files (x86)/Atmel/Studio/7.0/Packs/atmel/XMEGAA_DFP/1.0.36/gcc/dev/atxmega256a3u/avrxmega6/crtatxmega256a3u.o
                0x00000000                __vector_default
                0x00000000                __vectors
 *(.vectors)
 *(.progmem.gcc*)
 .progmem.gcc_sw_table.main
                0x000001fc       0x14 Mainboard_R1_1.o
                0x00000210                . = ALIGN (0x2)
                0x00000210                __trampolines_start = .
 *(.trampolines)
 .trampolines   0x00000210       0x14 linker stubs
 *(.trampolines*)
                0x00000224                __trampolines_end = .
 *(.progmem*)
                0x00000224                . = ALIGN (0x2)
 *(.jumptables)
 *(.jumptables*)
 *(.lowtext)
 *(.lowtext*)
                0x00000224                __ctors_start = .
 *(.ctors)
                0x00000224                __ctors_end = .
                0x00000224                __dtors_start = .
 *(.dtors)
                0x00000224                __dtors_end = .
 SORT(*)(.ctors)
 SORT(*)(.dtors)
 *(.init0)
 .init0         0x00000224        0x0 C:/Program Files (x86)/Atmel/Studio/7.0/Packs/atmel/XMEGAA_DFP/1.0.36/gcc/dev/atxmega256a3u/avrxmega6/crtatxmega256a3u.o
                0x00000224                __init
 *(.init0)
 *(.init1)
 *(.init1)
 *(.init2)
 .init2         0x00000224       0x10 C:/Program Files (x86)/Atmel/Studio/7.0/Packs/atmel/XMEGAA_DFP/1.0.36/gcc/dev/atxmega256a3u/avrxmega6/crtatxmega256a3u.o
 *(.init2)
 *(.init3)
 *(.init3)
 *(.init4)
 .init4         0x00000234       0x1a c:/program files (x86)/atmel/studio/7.0/toolchain/avr8/avr8-gnu-toolchain/bin/../lib/gcc/avr/4.9.2/avrxmega6\libgcc.a(_copy_data.o)
                0x00000234                __do_copy_data
 .init4         0x0000024e       0x10 c:/program files (x86)/atmel/studio/7.0/toolchain/avr8/avr8-gnu-toolchain/bin/../lib/gcc/avr/4.9.2/avrxmega6\libgcc.a(_clear_bss.o)
                0x0000024e                __do_clear_bss
 *(.init4)
 *(.init5)
 *(.init5)
 *(.init6)
 *(.init6)
 *(.init7)
 *(.init7)
 *(.init8)
 *(.init8)
 *(.init9)
 .init9         0x0000025e        0x8 C:/Program Files (x86)/Atmel/Studio/7.0/Packs/atmel/XMEGAA_DFP/1.0.36/gcc/dev/atxmega256a3u/avrxmega6/crtatxmega256a3u.o
 *(.init9)
 *(.text)
 .text          0x00000266        0x4 C:/Program Files (x86)/Atmel/Studio/7.0/Packs/atmel/XMEGAA_DFP/1.0.36/gcc/dev/atxmega256a3u/avrxmega6/crtatxmega256a3u.o
                0x00000266                __vector_38
                0x00000266                __vector_104
                0x00000266                __vector_22
                0x00000266                __vector_63
                0x00000266                __vector_28
                0x00000266                __vector_67
                0x00000266                __vector_1
                0x00000266                __vector_119
                0x00000266                __vector_32
                0x00000266                __vector_75
                0x00000266                __vector_71
                0x00000266                __vector_91
                0x00000266                __vector_34
                0x00000266                __vector_62
                0x00000266                __vector_77
                0x00000266                __vector_102
                0x00000266                __vector_24
                0x00000266                __vector_12
                0x00000266                __vector_55
                0x00000266                __vector_69
                0x00000266                __vector_81
                0x00000266                __vector_90
                0x00000266                __vector_46
                0x00000266                __bad_interrupt
                0x00000266                __vector_122
                0x00000266                __vector_72
                0x00000266                __vector_114
                0x00000266                __vector_6
                0x00000266                __vector_110
                0x00000266                __vector_31
                0x00000266                __vector_92
                0x00000266                __vector_35
                0x00000266                __vector_78
                0x00000266                __vector_74
                0x00000266                __vector_117
                0x00000266                __vector_39
                0x00000266                __vector_107
                0x00000266                __vector_3
                0x00000266                __vector_105
                0x00000266                __vector_98
                0x00000266                __vector_23
                0x00000266                __vector_68
                0x00000266                __vector_30
                0x00000266                __vector_73
                0x00000266                __vector_45
                0x00000266                __vector_25
                0x00000266                __vector_93
                0x00000266                __vector_61
                0x00000266                __vector_11
                0x00000266                __vector_54
                0x00000266                __vector_99
                0x00000266                __vector_13
                0x00000266                __vector_17
                0x00000266                __vector_19
                0x00000266                __vector_56
                0x00000266                __vector_7
                0x00000266                __vector_125
                0x00000266                __vector_49
                0x00000266                __vector_123
                0x00000266                __vector_41
                0x00000266                __vector_86
                0x00000266                __vector_100
                0x00000266                __vector_101
                0x00000266                __vector_64
                0x00000266                __vector_88
                0x00000266                __vector_109
                0x00000266                __vector_43
                0x00000266                __vector_27
                0x00000266                __vector_5
                0x00000266                __vector_113
                0x00000266                __vector_33
                0x00000266                __vector_76
                0x00000266                __vector_115
                0x00000266                __vector_47
                0x00000266                __vector_52
                0x00000266                __vector_37
                0x00000266                __vector_95
                0x00000266                __vector_103
                0x00000266                __vector_96
                0x00000266                __vector_89
                0x00000266                __vector_108
                0x00000266                __vector_4
                0x00000266                __vector_44
                0x00000266                __vector_82
                0x00000266                __vector_106
                0x00000266                __vector_118
                0x00000266                __vector_51
                0x00000266                __vector_9
                0x00000266                __vector_2
                0x00000266                __vector_21
                0x00000266                __vector_15
                0x00000266                __vector_66
                0x00000266                __vector_36
                0x00000266                __vector_79
                0x00000266                __vector_58
                0x00000266                __vector_70
                0x00000266                __vector_83
                0x00000266                __vector_29
                0x00000266                __vector_60
                0x00000266                __vector_121
                0x00000266                __vector_40
                0x00000266                __vector_85
                0x00000266                __vector_94
                0x00000266                __vector_126
                0x00000266                __vector_8
                0x00000266                __vector_26
                0x00000266                __vector_48
                0x00000266                __vector_124
                0x00000266                __vector_116
                0x00000266                __vector_112
                0x00000266                __vector_111
                0x00000266                __vector_80
                0x00000266                __vector_14
                0x00000266                __vector_84
                0x00000266                __vector_57
                0x00000266                __vector_53
                0x00000266                __vector_10
                0x00000266                __vector_50
                0x00000266                __vector_16
                0x00000266                __vector_59
                0x00000266                __vector_18
                0x00000266                __vector_97
                0x00000266                __vector_20
                0x00000266                __vector_42
                0x00000266                __vector_87
                0x00000266                __vector_65
                0x00000266                __vector_120
                0x0000026a                . = ALIGN (0x2)
 *(.text.*)
 .text._Z4initv
                0x0000026a       0x84 Mainboard_R1_1.o
                0x0000026a                _Z4initv
 .text._Z9initUSARTv
                0x000002ee       0x32 Mainboard_R1_1.o
                0x000002ee                _Z9initUSARTv
 .text._Z8sendCharci
                0x00000320       0x5c Mainboard_R1_1.o
                0x00000320                _Z8sendCharci
 .text._Z7getBytei
                0x0000037c       0x5e Mainboard_R1_1.o
                0x0000037c                _Z7getBytei
 .text._Z8xmitDATAh
                0x000003da       0x14 Mainboard_R1_1.o
                0x000003da                _Z8xmitDATAh
 .text._Z12getCharIndexh
                0x000003ee       0x2c Mainboard_R1_1.o
                0x000003ee                _Z12getCharIndexh
 .text._Z8lcdDelayh
                0x0000041a       0x10 Mainboard_R1_1.o
                0x0000041a                _Z8lcdDelayh
 .text._Z7xmitCMDh
                0x0000042a       0x22 Mainboard_R1_1.o
                0x0000042a                _Z7xmitCMDh
 .text._Z7initLCDv
                0x0000044c      0x1be Mainboard_R1_1.o
                0x0000044c                _Z7initLCDv
 .text._Z9xmitHLinessss
                0x0000060a       0x9e Mainboard_R1_1.o
                0x0000060a                _Z9xmitHLinessss
 .text._Z9xmitVLinessss
                0x000006a8       0x9e Mainboard_R1_1.o
                0x000006a8                _Z9xmitVLinessss
 .text._Z7drawBoxsssss
                0x00000746       0x7c Mainboard_R1_1.o
                0x00000746                _Z7drawBoxsssss
 .text._Z8drawCharhssss
                0x000007c2      0x130 Mainboard_R1_1.o
                0x000007c2                _Z8drawCharhssss
 .text._Z10drawStringPKcssss
                0x000008f2       0x62 Mainboard_R1_1.o
                0x000008f2                _Z10drawStringPKcssss
 .text._Z11drawDisplayh
                0x00000954      0x22e Mainboard_R1_1.o
                0x00000954                _Z11drawDisplayh
 .text._Z7fillBoxsssss
                0x00000b82       0xd2 Mainboard_R1_1.o
                0x00000b82                _Z7fillBoxsssss
 .text._Z9drawLevelsssss
                0x00000c54       0x66 Mainboard_R1_1.o
                0x00000c54                _Z9drawLevelsssss
 .text.main     0x00000cba      0x2b8 Mainboard_R1_1.o
                0x00000cba                main
 .text.libgcc   0x00000f72       0x10 c:/program files (x86)/atmel/studio/7.0/toolchain/avr8/avr8-gnu-toolchain/bin/../lib/gcc/avr/4.9.2/avrxmega6\libgcc.a(_tablejump2.o)
                0x00000f72                __tablejump2__
                0x00000f82                . = ALIGN (0x2)
 *(.fini9)
 .fini9         0x00000f82        0x0 c:/program files (x86)/atmel/studio/7.0/toolchain/avr8/avr8-gnu-toolchain/bin/../lib/gcc/avr/4.9.2/avrxmega6\libgcc.a(_exit.o)
                0x00000f82                _exit
                0x00000f82                exit
 *(.fini9)
 *(.fini8)
 *(.fini8)
 *(.fini7)
 *(.fini7)
 *(.fini6)
 *(.fini6)
 *(.fini5)
 *(.fini5)
 *(.fini4)
 *(.fini4)
 *(.fini3)
 *(.fini3)
 *(.fini2)
 *(.fini2)
 *(.fini1)
 *(.fini1)
 *(.fini0)
 .fini0         0x00000f82        0x4 c:/program files (x86)/atmel/studio/7.0/toolchain/avr8/avr8-gnu-toolchain/bin/../lib/gcc/avr/4.9.2/avrxmega6\libgcc.a(_exit.o)
 *(.fini0)
                0x00000f86                _etext = .

.data           0x00802000      0x55c load address 0x00000f86
                0x00802000                PROVIDE (__data_start, .)
 *(.data)
 *(.data*)
 .data.font     0x00802000      0x520 Mainboard_R1_1.o
                0x00802000                font
 *(.rodata)
 *(.rodata*)
 .rodata.str1.1
                0x00802520       0x3b Mainboard_R1_1.o
 *(.gnu.linkonce.d*)
                0x0080255c                . = ALIGN (0x2)
 *fill*         0x0080255b        0x1 
                0x0080255c                _edata = .
                0x0080255c                PROVIDE (__data_end, .)

.bss            0x0080255c        0x2
                0x0080255c                PROVIDE (__bss_start, .)
 *(.bss)
 *(.bss*)
 .bss.numConfig
                0x0080255c        0x2 Mainboard_R1_1.o
                0x0080255c                numConfig
 *(COMMON)
                0x0080255e                PROVIDE (__bss_end, .)
                0x00000f86                __data_load_start = LOADADDR (.data)
                0x000014e2                __data_load_end = (__data_load_start + SIZEOF (.data))

.noinit         0x0080255e        0x0
                0x0080255e                PROVIDE (__noinit_start, .)
 *(.noinit*)
                0x0080255e                PROVIDE (__noinit_end, .)
                0x0080255e                _end = .
                0x0080255e                PROVIDE (__heap_start, .)

.eeprom         0x00810000        0x0
 *(.eeprom*)
                0x00810000                __eeprom_end = .

.fuse
 *(.fuse)
 *(.lfuse)
 *(.hfuse)
 *(.efuse)

.lock
 *(.lock*)

.signature
 *(.signature*)

.user_signatures
 *(.user_signatures*)

.stab
 *(.stab)

.stabstr
 *(.stabstr)

.stab.excl
 *(.stab.excl)

.stab.exclstr
 *(.stab.exclstr)

.stab.index
 *(.stab.index)

.stab.indexstr
 *(.stab.indexstr)

.comment        0x00000000       0x30
 *(.comment)
 .comment       0x00000000       0x30 Mainboard_R1_1.o
                                 0x31 (size before relaxing)

.note.gnu.avr.deviceinfo
                0x00000000       0x40
 .note.gnu.avr.deviceinfo
                0x00000000       0x40 C:/Program Files (x86)/Atmel/Studio/7.0/Packs/atmel/XMEGAA_DFP/1.0.36/gcc/dev/atxmega256a3u/avrxmega6/crtatxmega256a3u.o

.note.gnu.build-id
 *(.note.gnu.build-id)

.debug
 *(.debug)

.line
 *(.line)

.debug_srcinfo
 *(.debug_srcinfo)

.debug_sfnames
 *(.debug_sfnames)

.debug_aranges  0x00000000       0xd0
 *(.debug_aranges)
 .debug_aranges
                0x00000000       0xd0 Mainboard_R1_1.o

.debug_pubnames
 *(.debug_pubnames)

.debug_info     0x00000000     0x2979
 *(.debug_info .gnu.linkonce.wi.*)
 .debug_info    0x00000000     0x2979 Mainboard_R1_1.o

.debug_abbrev   0x00000000      0x3c2
 *(.debug_abbrev)
 .debug_abbrev  0x00000000      0x3c2 Mainboard_R1_1.o

.debug_line     0x00000000      0x530
 *(.debug_line .debug_line.* .debug_line_end)
 .debug_line    0x00000000      0x530 Mainboard_R1_1.o

.debug_frame    0x00000000      0x37c
 *(.debug_frame)
 .debug_frame   0x00000000      0x37c Mainboard_R1_1.o

.debug_str      0x00000000      0x8f2
 *(.debug_str)
 .debug_str     0x00000000      0x8f2 Mainboard_R1_1.o
                                0x95f (size before relaxing)

.debug_loc      0x00000000     0x1881
 *(.debug_loc)
 .debug_loc     0x00000000     0x1881 Mainboard_R1_1.o

.debug_macinfo
 *(.debug_macinfo)

.debug_weaknames
 *(.debug_weaknames)

.debug_funcnames
 *(.debug_funcnames)

.debug_typenames
 *(.debug_typenames)

.debug_varnames
 *(.debug_varnames)

.debug_pubtypes
 *(.debug_pubtypes)

.debug_ranges   0x00000000       0xf0
 *(.debug_ranges)
 .debug_ranges  0x00000000       0xf0 Mainboard_R1_1.o

.debug_macro
 *(.debug_macro)
OUTPUT(Mainboard.elf elf32-avr)
LOAD linker stubs
